2026-01-08 11:00:59.115  5194-5225  ProfileInstaller        org.dev.jesen.advancewebview.debug   D  Installing profile for org.dev.jesen.advancewebview.debug
2026-01-08 11:01:01.867  5194-5213  EGL_emulation           org.dev.jesen.advancewebview.debug   D  app_time_stats: avg=833.15ms min=12.53ms max=7154.27ms count=9
2026-01-08 11:01:02.228  5194-5194  WebViewFactory          org.dev.jesen.advancewebview.debug   I  Loading com.google.android.webview version 109.0.5414.123 (code 541412337)
2026-01-08 11:01:02.240  5194-5194  ziparchive              org.dev.jesen.advancewebview.debug   W  Unable to open '/data/app/~~k0-hh0FqKWxH-APU7N7vVg==/com.google.android.trichromelibrary_541412337-dG5hPIgRMHvid_s0Lwr-HQ==/TrichromeLibrary.dm': No such file or directory
2026-01-08 11:01:02.241  5194-5194  ziparchive              org.dev.jesen.advancewebview.debug   W  Unable to open '/data/app/~~k0-hh0FqKWxH-APU7N7vVg==/com.google.android.trichromelibrary_541412337-dG5hPIgRMHvid_s0Lwr-HQ==/TrichromeLibrary.dm': No such file or directory
2026-01-08 11:01:02.243  5194-5194  cewebview.debug         org.dev.jesen.advancewebview.debug   W  Entry not found
2026-01-08 11:01:02.247  5194-5194  nativeloader            org.dev.jesen.advancewebview.debug   D  Configuring classloader-namespace for other apk /data/app/~~k0-hh0FqKWxH-APU7N7vVg==/com.google.android.trichromelibrary_541412337-dG5hPIgRMHvid_s0Lwr-HQ==/TrichromeLibrary.apk. target_sdk_version=33, uses_libraries=ALL, library_path=/data/app/~~auhWCiwCUAYq1JUd-b3H5A==/com.google.android.webview-GL00dvEOVTWLOl_rztWnKw==/lib/x86_64:/data/app/~~auhWCiwCUAYq1JUd-b3H5A==/com.google.android.webview-GL00dvEOVTWLOl_rztWnKw==/WebViewGoogle.apk!/lib/x86_64:/data/app/~~k0-hh0FqKWxH-APU7N7vVg==/com.google.android.trichromelibrary_541412337-dG5hPIgRMHvid_s0Lwr-HQ==/TrichromeLibrary.apk!/lib/x86_64, permitted_path=/data:/mnt/expand
2026-01-08 11:01:02.260  5194-5194  nativeloader            org.dev.jesen.advancewebview.debug   D  Configuring classloader-namespace for other apk /data/app/~~auhWCiwCUAYq1JUd-b3H5A==/com.google.android.webview-GL00dvEOVTWLOl_rztWnKw==/WebViewGoogle.apk. target_sdk_version=33, uses_libraries=, library_path=/data/app/~~auhWCiwCUAYq1JUd-b3H5A==/com.google.android.webview-GL00dvEOVTWLOl_rztWnKw==/lib/x86_64:/data/app/~~auhWCiwCUAYq1JUd-b3H5A==/com.google.android.webview-GL00dvEOVTWLOl_rztWnKw==/WebViewGoogle.apk!/lib/x86_64:/data/app/~~k0-hh0FqKWxH-APU7N7vVg==/com.google.android.trichromelibrary_541412337-dG5hPIgRMHvid_s0Lwr-HQ==/TrichromeLibrary.apk!/lib/x86_64, permitted_path=/data:/mnt/expand
2026-01-08 11:01:02.323  5194-5194  cewebview.debug         org.dev.jesen.advancewebview.debug   W  Accessing hidden method Landroid/os/Trace;->isTagEnabled(J)Z (unsupported, reflection, allowed)
2026-01-08 11:01:02.324  5194-5194  cewebview.debug         org.dev.jesen.advancewebview.debug   W  Accessing hidden method Landroid/os/Trace;->traceBegin(JLjava/lang/String;)V (unsupported, reflection, allowed)
2026-01-08 11:01:02.324  5194-5194  cewebview.debug         org.dev.jesen.advancewebview.debug   W  Accessing hidden method Landroid/os/Trace;->traceEnd(J)V (unsupported, reflection, allowed)
2026-01-08 11:01:02.324  5194-5194  cewebview.debug         org.dev.jesen.advancewebview.debug   W  Accessing hidden method Landroid/os/Trace;->asyncTraceBegin(JLjava/lang/String;I)V (unsupported, reflection, allowed)
2026-01-08 11:01:02.325  5194-5194  cewebview.debug         org.dev.jesen.advancewebview.debug   W  Accessing hidden method Landroid/os/Trace;->asyncTraceEnd(JLjava/lang/String;I)V (unsupported, reflection, allowed)
2026-01-08 11:01:02.333  5194-5194  cr_WVCFactoryProvider   org.dev.jesen.advancewebview.debug   I  Loaded version=109.0.5414.123 minSdkVersion=29 isBundle=false multiprocess=true packageId=2
2026-01-08 11:01:02.399  5194-5194  cr_LibraryLoader        org.dev.jesen.advancewebview.debug   I  Successfully loaded native library
2026-01-08 11:01:02.405  5194-5194  cr_CachingUmaRecorder   org.dev.jesen.advancewebview.debug   I  Flushed 9 samples from 9 histograms.
2026-01-08 11:01:02.547  5194-5194  Compatibil...geReporter org.dev.jesen.advancewebview.debug   D  Compat change id reported: 183155436; UID 10174; state: ENABLED
2026-01-08 11:01:02.764  5194-5194  Compatibil...geReporter org.dev.jesen.advancewebview.debug   D  Compat change id reported: 214741472; UID 10174; state: ENABLED
2026-01-08 11:01:02.773  5194-5194  Compatibil...geReporter org.dev.jesen.advancewebview.debug   D  Compat change id reported: 171228096; UID 10174; state: ENABLED
2026-01-08 11:01:02.874  5194-5213  EGL_emulation           org.dev.jesen.advancewebview.debug   D  app_time_stats: avg=11.22ms min=3.12ms max=36.83ms count=54
2026-01-08 11:01:02.996  5194-5194  AWV_AdvanceFileUtils    org.dev.jesen.advancewebview.debug   D  ğŸš‹====WebView ç¼“å­˜ç›®å½•ï¼š/data/user/0/org.dev.jesen.advancewebview.debug/cache/advance_webview_cache
2026-01-08 11:01:03.001  5194-5194  AWV_Advanc...ViewConfig org.dev.jesen.advancewebview.debug   D  ğŸš‹====WebView JS è°ƒè¯•å·²å¯ç”¨ï¼ˆAndroid 5.0+ï¼‰
2026-01-08 11:01:03.003  5194-5194  AWV_Advanc...ViewConfig org.dev.jesen.advancewebview.debug   D  ğŸš‹====WebView å®‰å…¨æµè§ˆå·²å¯ç”¨ï¼ˆAndroid 8.0+ï¼‰
2026-01-08 11:01:03.007  5194-5194  AWV_Advanc...ViewConfig org.dev.jesen.advancewebview.debug   D  ğŸš‹====WebView ç¦æ­¢æ˜æ–‡æµé‡ï¼ˆAndroid 9.0+ï¼ŒHTTPS ä¼˜å…ˆï¼‰
2026-01-08 11:01:03.008  5194-5194  AWV_Advanc...ViewConfig org.dev.jesen.advancewebview.debug   D  ğŸš‹====WebView é‡‡ç”¨ç³»ç»Ÿé»˜è®¤ç¼“å­˜ï¼ˆAndroid 11+ï¼ŒåºŸå¼ƒAppCacheï¼‰
2026-01-08 11:01:03.008  5194-5194  AWV_Advanc...ViewConfig org.dev.jesen.advancewebview.debug   D  ğŸš‹====WebView æ ¸å¿ƒé…ç½®åˆå§‹åŒ–å®Œæˆï¼ˆé€‚é… Android 5.0+ åˆ° 16.0ï¼‰
2026-01-08 11:01:03.012  5194-5194  AWV_AdvanceFileUtils    org.dev.jesen.advancewebview.debug   D  ğŸš‹====WebView ç¼“å­˜ç›®å½•ï¼š/data/user/0/org.dev.jesen.advancewebview.debug/cache/advance_webview_cache
2026-01-08 11:01:03.013  5194-5194  AWV_AdvanceFileUtils    org.dev.jesen.advancewebview.debug   D  ğŸš‹====WebView ç¼“å­˜ç›®å½•ï¼š/data/user/0/org.dev.jesen.advancewebview.debug/cache/advance_webview_cache
2026-01-08 11:01:03.015  5194-5194  AWV_AdvanceReflectUtils org.dev.jesen.advancewebview.debug   E  ğŸš«====æœªæ‰¾åˆ°æ–¹æ³•ï¼šsetAppCacheEnabledï¼Œcom.android.webview.chromium.ContentSettingsAdapter.setAppCacheEnabled [class java.lang.Boolean]
2026-01-08 11:01:03.016  5194-5194  AWV_AdvanceReflectUtils org.dev.jesen.advancewebview.debug   E  ğŸš«====æœªæ‰¾åˆ°æ–¹æ³•ï¼šsetAppCachePathï¼Œcom.android.webview.chromium.ContentSettingsAdapter.setAppCachePath [class java.io.File]
2026-01-08 11:01:03.034  5194-5194  AWV_AdvanceFileUtils    org.dev.jesen.advancewebview.debug   D  ğŸš‹====WebView ç¼“å­˜ç›®å½•ï¼š/data/user/0/org.dev.jesen.advancewebview.debug/cache/advance_webview_cache
2026-01-08 11:01:03.035  5194-5194  AWV_Advanc...acheConfig org.dev.jesen.advancewebview.debug   D  ğŸš‹====å·²æ¸…ç† 7 å¤©å‰è¿‡æœŸç¼“å­˜ï¼ˆAndroid 10.0+ï¼‰
2026-01-08 11:01:03.035  5194-5194  AWV_Advanc...acheConfig org.dev.jesen.advancewebview.debug   D  ğŸš‹====WebView ç¼“å­˜é…ç½®åˆå§‹åŒ–å®Œæˆï¼Œå½“å‰ç¼“å­˜ç›®å½•ï¼š/data/user/0/org.dev.jesen.advancewebview.debug/cache/advance_webview_cache/advance_webview_app_cache
2026-01-08 11:01:03.045  5194-5194  AWV_Advanc...rityConfig org.dev.jesen.advancewebview.debug   D  ğŸš‹====å·²å¯ç”¨ WebView å®‰å…¨æµè§ˆï¼ˆAndroid 8.0+ï¼Œå…¼å®¹targetSdk=36ï¼‰
2026-01-08 11:01:03.045  5194-5194  AWV_Advanc...rityConfig org.dev.jesen.advancewebview.debug   D  ğŸš‹====å·²ç¦æ­¢ WebView æ˜æ–‡æµé‡ï¼ˆAndroid 9.0+ï¼Œå¼ºåˆ¶HTTPSï¼‰
2026-01-08 11:01:03.047  5194-5194  AWV_Advanc...rityConfig org.dev.jesen.advancewebview.debug   D  ğŸš‹====å·²ç§»é™¤å±é™© JS æ¥å£ï¼ˆAndroid 12.0+ï¼‰
2026-01-08 11:01:03.048  5194-5194  AWV_Advanc...rityConfig org.dev.jesen.advancewebview.debug   D  ğŸš‹====WebView å®‰å…¨é…ç½®åˆå§‹åŒ–å®Œæˆï¼ˆé˜²å¾¡ XSS/ä¸­é—´äºº/ä¿¡æ¯æ³„éœ²ï¼Œå…¼å®¹minSdk=21ï¼‰
2026-01-08 11:01:03.048  5194-5194  AWV_AdvanceWebView      org.dev.jesen.advancewebview.debug   D  ğŸš‹====æ ¸å¿ƒé…ç½®åˆå§‹åŒ–å®Œæˆï¼ˆå…¼å®¹ Android 5.0+ åˆ° 16.0ï¼‰
2026-01-08 11:01:03.051  5194-5194  AWV_AdvanceWebView      org.dev.jesen.advancewebview.debug   D  ğŸš‹====è‡ªå®šä¹‰å®¢æˆ·ç«¯è®¾ç½®å®Œæˆ
2026-01-08 11:01:03.052  5194-5194  AWV_AdvanceWebView      org.dev.jesen.advancewebview.debug   D  ğŸš‹====ç¡¬ä»¶åŠ é€Ÿå·²å¯ç”¨ï¼ˆAndroid 5.0+ï¼‰
2026-01-08 11:01:03.052  5194-5194  AWV_Advanc...ViewConfig org.dev.jesen.advancewebview.debug   D  ğŸš‹====WebView ç„¦ç‚¹ç®¡ç†å·²å¯ç”¨
2026-01-08 11:01:03.113  5194-5194  AWV_JsBridgeHelper      org.dev.jesen.advancewebview.debug   D  ğŸš‹====æ¡¥æ¥åˆå§‹åŒ–å®Œæˆï¼Œæ¡¥æ¥åç§°ï¼šAdvanceAndroidJsBridge
2026-01-08 11:01:03.115  5194-5194  AWV_AdvanceWebView      org.dev.jesen.advancewebview.debug   D  ğŸš‹====JS æ¡¥æ¥åˆå§‹åŒ–å®Œæˆ
2026-01-08 11:01:03.115  5194-5194  AWV_BasicF...onActivity org.dev.jesen.advancewebview.debug   D  ğŸš‹====AdvanceEnterpriseWebView åˆå§‹åŒ–å®Œæˆ
2026-01-08 11:01:03.131  5194-5261  cewebview.debug         org.dev.jesen.advancewebview.debug   W  Accessing hidden method Landroid/media/AudioManager;->getOutputLatency(I)I (unsupported, reflection, allowed)
2026-01-08 11:01:03.148  5194-5261  cr_media                org.dev.jesen.advancewebview.debug   W  BLUETOOTH_CONNECT permission is missing.
2026-01-08 11:01:03.155  5194-5261  cr_media                org.dev.jesen.advancewebview.debug   W  registerBluetoothIntentsIfNeeded: Requires BLUETOOTH permission
2026-01-08 11:01:03.182  5194-5194  AWV_AdvanceWebView      org.dev.jesen.advancewebview.debug   D  ğŸš‹====é¡µé¢åŠ è½½ä¸­ï¼šfile:///android_asset/advance/basic/index.html
2026-01-08 11:01:03.183  5194-5194  AWV_BasicF...onActivity org.dev.jesen.advancewebview.debug   D  ğŸš‹====æœ¬åœ° H5 é¡µé¢åŠ è½½ä¸­ï¼šfile:///android_asset/advance/basic/index.html
2026-01-08 11:01:03.241  5194-5194  AWV_AdvanceLifecycle    org.dev.jesen.advancewebview.debug   D  ğŸš‹====WebView å·²æ¢å¤è¿è¡Œ
2026-01-08 11:01:03.260  5194-5293  HostConnection          org.dev.jesen.advancewebview.debug   D  HostComposition ext ANDROID_EMU_CHECKSUM_HELPER_v1 ANDROID_EMU_native_sync_v2 ANDROID_EMU_native_sync_v3 ANDROID_EMU_native_sync_v4 ANDROID_EMU_dma_v1 ANDROID_EMU_direct_mem ANDROID_EMU_host_composition_v1 ANDROID_EMU_host_composition_v2 ANDROID_EMU_vulkan ANDROID_EMU_deferred_vulkan_commands ANDROID_EMU_vulkan_null_optional_strings ANDROID_EMU_vulkan_create_resources_with_requirements ANDROID_EMU_YUV_Cache ANDROID_EMU_vulkan_ignored_handles ANDROID_EMU_has_shared_slots_host_memory_allocator ANDROID_EMU_vulkan_free_memory_sync ANDROID_EMU_vulkan_shader_float16_int8 ANDROID_EMU_vulkan_async_queue_submit ANDROID_EMU_vulkan_queue_submit_with_commands ANDROID_EMU_sync_buffer_data ANDROID_EMU_vulkan_async_qsri ANDROID_EMU_read_color_buffer_dma GL_OES_EGL_image_external_essl3 GL_OES_vertex_array_object GL_KHR_texture_compression_astc_ldr ANDROID_EMU_host_side_tracing ANDROID_EMU_gles_max_version_3_1 
2026-01-08 11:01:03.318  5194-5293  EGL_emulation           org.dev.jesen.advancewebview.debug   D  eglCreateContext: 0x7c6779fabad0: maj 3 min 1 rcv 4
2026-01-08 11:01:03.329  5194-5293  EGL_emulation           org.dev.jesen.advancewebview.debug   D  eglMakeCurrent: 0x7c6779fabad0: ver 3 1 (tinfo 0x7c699d7b4100) (first time)
2026-01-08 11:01:03.346  5194-5213  Parcel                  org.dev.jesen.advancewebview.debug   W  Expecting binder but got null!
2026-01-08 11:01:03.519  5194-5194  Choreographer           org.dev.jesen.advancewebview.debug   I  Skipped 82 frames!  The application may be doing too much work on its main thread.
2026-01-08 11:01:03.529  5194-5293  EGL_emulation           org.dev.jesen.advancewebview.debug   D  eglCreateContext: 0x7c6779fabad0: maj 3 min 0 rcv 3
2026-01-08 11:01:03.582  5194-5227  OpenGLRenderer          org.dev.jesen.advancewebview.debug   I  Davey! duration=1405ms; Flags=0, FrameTimelineVsyncId=201027, IntendedVsync=1490165945105, Vsync=1491532611717, InputEventId=0, HandleInputStart=1491535567418, AnimationStart=1491535576159, PerformTraversalsStart=1491545099635, DrawStart=1491547238406, FrameDeadline=1491565945049, FrameInterval=1491533888094, FrameStartTime=16666666, SyncQueued=1491551527099, SyncStart=1491564027062, IssueDrawCommandsStart=1491564099953, SwapBuffers=1491574926517, FrameCompleted=1491583639771, DequeueBufferDuration=19763, QueueBufferDuration=1191467, GpuCompleted=1491583639771, SwapBuffersCompleted=1491578070471, DisplayPresentTime=0, CommandSubmissionCompleted=1491574926517, 
2026-01-08 11:01:03.633  5194-5194  Compatibil...geReporter org.dev.jesen.advancewebview.debug   D  Compat change id reported: 193247900; UID 10174; state: ENABLED
2026-01-08 11:01:03.759  5194-5213  OpenGLRenderer          org.dev.jesen.advancewebview.debug   E  Unable to match the desired swap behavior.
2026-01-08 11:01:03.925  5194-5209  OpenGLRenderer          org.dev.jesen.advancewebview.debug   I  Davey! duration=1739ms; Flags=1, FrameTimelineVsyncId=201027, IntendedVsync=1490165945105, Vsync=1491532611717, InputEventId=0, HandleInputStart=1491535567418, AnimationStart=1491535576159, PerformTraversalsStart=1491545099635, DrawStart=1491775809321, FrameDeadline=1490182611771, FrameInterval=1491533888094, FrameStartTime=16666666, SyncQueued=1491811514326, SyncStart=1491840400885, IssueDrawCommandsStart=1491841678480, SwapBuffers=1491915362790, FrameCompleted=1491934177922, DequeueBufferDuration=6272, QueueBufferDuration=901000, GpuCompleted=1491934177922, SwapBuffersCompleted=1491917264493, DisplayPresentTime=0, CommandSubmissionCompleted=1491915362790, 
2026-01-08 11:01:03.948  5194-5293  EGL_emulation           org.dev.jesen.advancewebview.debug   D  eglCreateContext: 0x7c6779faba10: maj 3 min 0 rcv 3
2026-01-08 11:01:03.972  5194-5194  AWV_WebChromeClient     org.dev.jesen.advancewebview.debug   D  ğŸš‹====é¡µé¢åŠ è½½è¿›åº¦ï¼š10%
2026-01-08 11:01:04.074  5194-5213  EGL_emulation           org.dev.jesen.advancewebview.debug   D  app_time_stats: avg=24.48ms min=4.61ms max=306.79ms count=38
2026-01-08 11:01:04.076  5194-5194  AWV_Advanc...ViewClient org.dev.jesen.advancewebview.debug   D  ğŸš‹====é¡µé¢å¼€å§‹åŠ è½½ï¼šfile:///android_asset/advance/basic/index.html
2026-01-08 11:01:04.085  5194-5194  AWV_Advanc...acheConfig org.dev.jesen.advancewebview.debug   D  ğŸš‹====WebView ç¼“å­˜ç­–ç•¥å·²åˆ‡æ¢ï¼šæœ‰ç½‘ç»œæ¨¡å¼
2026-01-08 11:01:04.091  5194-5194  AWV_BasicF...onActivity org.dev.jesen.advancewebview.debug   D  ğŸš‹====onPageStarted å¼€å§‹æ³¨å…¥å…¨å±€å·¥å…·ç±»JS
2026-01-08 11:01:04.177  5194-5194  AWV_AdvanceWebView      org.dev.jesen.advancewebview.debug   D  ğŸš‹====å…¨å±€å·¥å…·ç±» JS æ³¨å…¥å®Œæˆ
2026-01-08 11:01:04.180  5194-5194  chromium                org.dev.jesen.advancewebview.debug   I  [INFO:CONSOLE(23)] "AdvanceGlobalTool æœªæ³¨å…¥ï¼Œå°†å°è¯•é‡è¯•", source: file:///android_asset/advance/basic/app.js (23)
2026-01-08 11:01:04.182  5194-5194  chromium                org.dev.jesen.advancewebview.debug   I  [INFO:CONSOLE(23)] "AdvanceBusinessLogic æœªæ³¨å…¥ï¼Œå°†å°è¯•é‡è¯•", source: file:///android_asset/advance/basic/app.js (23)
2026-01-08 11:01:04.194  5194-5194  chromium                org.dev.jesen.advancewebview.debug   I  [INFO:CONSOLE(71)] "AdvanceGlobalTool æ³¨å…¥å®Œæˆï¼Œä¾èµ–æ¡¥æ¥ï¼šAdvanceAndroidJsBridge", source:  (71)
2026-01-08 11:01:04.196  5194-5194  AWV_WebChromeClient     org.dev.jesen.advancewebview.debug   D  ğŸš‹====é¡µé¢åŠ è½½è¿›åº¦ï¼š70%
2026-01-08 11:01:04.197  5194-5194  AWV_WebChromeClient     org.dev.jesen.advancewebview.debug   D  ğŸš‹====é¡µé¢æ ‡é¢˜æ›´æ–°ï¼šAdvance WebView - åŸºç¡€åŠŸèƒ½æµ‹è¯•
2026-01-08 11:01:04.255  5194-5194  chromium                org.dev.jesen.advancewebview.debug   I  [INFO:CONSOLE(28)] "AdvanceGlobalTool æ³¨å…¥æˆåŠŸï¼ˆé‡è¯•åï¼‰", source: file:///android_asset/advance/basic/app.js (28)
2026-01-08 11:01:04.256  5194-5194  chromium                org.dev.jesen.advancewebview.debug   I  [INFO:CONSOLE(30)] "AdvanceBusinessLogic æœªæ³¨å…¥ï¼ˆé‡è¯•åï¼‰", source: file:///android_asset/advance/basic/app.js (30)
2026-01-08 11:01:04.257  5194-5194  AWV_WebChromeClient     org.dev.jesen.advancewebview.debug   D  ğŸš‹====é¡µé¢åŠ è½½è¿›åº¦ï¼š70%
2026-01-08 11:01:04.263  5194-5194  AWV_WebChromeClient     org.dev.jesen.advancewebview.debug   D  ğŸš‹====é¡µé¢åŠ è½½è¿›åº¦ï¼š80%
2026-01-08 11:01:04.265  5194-5194  AWV_WebChromeClient     org.dev.jesen.advancewebview.debug   D  ğŸš‹====é¡µé¢åŠ è½½è¿›åº¦ï¼š100%
2026-01-08 11:01:04.272  5194-5194  AWV_WebChromeClient     org.dev.jesen.advancewebview.debug   D  ğŸš‹====é¡µé¢åŠ è½½è¿›åº¦ï¼š100%
2026-01-08 11:01:04.275  5194-5194  AWV_Advanc...ViewClient org.dev.jesen.advancewebview.debug   D  ğŸš‹====é¡µé¢åŠ è½½å®Œæˆï¼šfile:///android_asset/advance/basic/index.html
2026-01-08 11:01:04.276  5194-5194  AWV_Advanc...ectManager org.dev.jesen.advancewebview.debug   D  ğŸš‹====AdvanceGlobalTool æ³¨å…¥ç»“æœï¼š"\n        \u003Cp class=\"info\">é¡µé¢åŠ è½½å®Œæˆï¼Œç­‰å¾…æ‰§è¡Œæ“ä½œ...\u003C/p>\n    \u003Cspan class=\"info\">[INFO] 3:01:03 AMï¼šé¡µé¢åˆå§‹åŒ–å®Œæˆï¼Œæ£€æµ‹æ³¨å…¥æ¨¡å—çŠ¶æ€...\u003C/span>\u003Cbr>\u003Cspan class=\"error\">[ERROR] 3:01:04 AMï¼šAdvanceGlobalTool æ³¨å…¥å¤±è´¥\u003C/span>\u003Cbr>\u003Cspan class=\"error\">[ERROR] 3:01:04 AMï¼šAdvanceBusinessLogic æ³¨å…¥å¤±è´¥\u003C/span>\u003Cbr>\u003Cspan class=\"success\">[SUCCESS] 3:01:04 AMï¼šAdvanceAndroidJsBridge æ¡¥æ¥æˆåŠŸï¼ˆåŸç”Ÿé€šä¿¡å…¥å£ï¼‰\u003C/span>\u003Cbr>AdvanceGlobalTool æ³¨å…¥å®Œæˆ\u003Cbr/>"
2026-01-08 11:01:12.248  5194-5213  EGL_emulation           org.dev.jesen.advancewebview.debug   D  app_time_stats: avg=1188.72ms min=8.79ms max=7274.03ms count=7
2026-01-08 11:01:12.523  5194-5194  AWV_AdvanceWebView      org.dev.jesen.advancewebview.debug   D  ğŸš‹====ä¸šåŠ¡é€»è¾‘ JS æ³¨å…¥å®Œæˆ
2026-01-08 11:01:12.534  5194-5194  chromium                org.dev.jesen.advancewebview.debug   I  [INFO:CONSOLE(23)] "AdvanceGlobalTool Logï¼šä¸šåŠ¡æ•°æ®å¤„ç†å®Œæˆ", source:  (23)
2026-01-08 11:01:12.536  5194-5194  chromium                org.dev.jesen.advancewebview.debug   I  [INFO:CONSOLE(47)] "AdvanceBusinessLogic æ³¨å…¥å®Œæˆ", source:  (47)
2026-01-08 11:01:12.559  5194-5194  AWV_Advanc...ectManager org.dev.jesen.advancewebview.debug   D  ğŸš‹====AdvanceBusinessLogic æ³¨å…¥ç»“æœï¼š"\n        \u003Cp class=\"info\">é¡µé¢åŠ è½½å®Œæˆï¼Œç­‰å¾…æ‰§è¡Œæ“ä½œ...\u003C/p>\n    \u003Cspan class=\"info\">[INFO] 3:01:03 AMï¼šé¡µé¢åˆå§‹åŒ–å®Œæˆï¼Œæ£€æµ‹æ³¨å…¥æ¨¡å—çŠ¶æ€...\u003C/span>\u003Cbr>\u003Cspan class=\"error\">[ERROR] 3:01:04 AMï¼šAdvanceGlobalTool æ³¨å…¥å¤±è´¥\u003C/span>\u003Cbr>\u003Cspan class=\"error\">[ERROR] 3:01:04 AMï¼šAdvanceBusinessLogic æ³¨å…¥å¤±è´¥\u003C/span>\u003Cbr>\u003Cspan class=\"success\">[SUCCESS] 3:01:04 AMï¼šAdvanceAndroidJsBridge æ¡¥æ¥æˆåŠŸï¼ˆåŸç”Ÿé€šä¿¡å…¥å£ï¼‰\u003C/span>\u003Cbr>AdvanceGlobalTool æ³¨å…¥å®Œæˆ\u003Cbr>ä¸šåŠ¡æ•°æ®ï¼š\u003Cbr>orderIdï¼šAdvanceO20240501001\u003Cbr>orderAmountï¼š199.00\u003Cbr>orderStatusï¼šå·²æ”¯ä»˜\u003Cbr>payTimeï¼š2024-05-01 10:00:00\u003Cbr>AdvanceGlobalTool Logï¼šä¸šåŠ¡æ•°æ®å¤„ç†å®Œæˆ\u003Cbr>AdvanceBusinessLogic æ³¨å…¥å®Œæˆ\u003Cbr/>"
2026-01-08 11:01:12.832  5194-5204  cewebview.debug         org.dev.jesen.advancewebview.debug   I  Compiler allocated 4355KB to compile void android.view.ViewRootImpl.performTraversals()
2026-01-08 11:01:18.945  5194-5213  EGL_emulation           org.dev.jesen.advancewebview.debug   D  app_time_stats: avg=127.70ms min=5.53ms max=5819.18ms count=50
2026-01-08 11:01:19.281  5194-5194  AWV_BasicF...onActivity org.dev.jesen.advancewebview.debug   D  ğŸš‹====btnGetDeviceInfo onClick è·å–è®¾å¤‡ä¿¡æ¯
2026-01-08 11:01:19.286  5194-5194  AWV_NativeCallJsManager org.dev.jesen.advancewebview.debug   D  ğŸš‹====åŸç”Ÿè°ƒç”¨ JS ä¼ é€’è®¾å¤‡ä¿¡æ¯å®Œæˆï¼Œæ–¹æ³•ï¼šgetAdvanceDeviceInfoï¼Œå‚æ•°ï¼š{"deviceId":"AdvanceDevice10001","deviceModel":"Android Phone","systemVersion":"Android 13","appVersion":"1.0.0"}
2026-01-08 11:01:19.336  5194-5194  AWV_AdvanceJsBridge     org.dev.jesen.advancewebview.debug   D  ğŸš‹====åŸç”Ÿè°ƒç”¨ JS ç»“æœï¼šnull
2026-01-08 11:01:25.553  5194-5213  EGL_emulation           org.dev.jesen.advancewebview.debug   D  app_time_stats: avg=126.59ms min=3.14ms max=5730.45ms count=50
2026-01-08 11:01:25.770  5194-5321  AWV_AdvanceJsBridge     org.dev.jesen.advancewebview.debug   D  ğŸš‹====JS è°ƒç”¨åŸç”Ÿï¼šmethodName=getAdvanceDeviceInfo, params=""
2026-01-08 11:01:25.771  5194-5321  AWV_BasicF...onActivity org.dev.jesen.advancewebview.debug   D  ğŸš‹====JS è°ƒç”¨åŸç”Ÿè·å–è®¾å¤‡ä¿¡æ¯
2026-01-08 11:01:25.771  5194-5321  AWV_AdvanceThreadHelper org.dev.jesen.advancewebview.debug   D  ğŸš‹====å·²åˆ‡æ¢ä¸»çº¿ç¨‹æ‰§è¡Œä»»åŠ¡ï¼ˆå»¶è¿Ÿ0msï¼‰ï¼Œå½“å‰çº¿ç¨‹ï¼šJavaBridge
2026-01-08 11:01:25.771  5194-5321  AWV_NativeCallJsManager org.dev.jesen.advancewebview.debug   D  ğŸš‹====åŸç”Ÿè°ƒç”¨ JS ä¼ é€’è®¾å¤‡ä¿¡æ¯å®Œæˆï¼Œæ–¹æ³•ï¼šgetAdvanceDeviceInfoï¼Œå‚æ•°ï¼š{"deviceId":"AdvanceDevice10001","deviceModel":"Android Phone","systemVersion":"Android 13","appVersion":"1.0.0"}
2026-01-08 11:01:25.847  5194-5205  cewebview.debug         org.dev.jesen.advancewebview.debug   I  Background concurrent copying GC freed 46334(2851KB) AllocSpace objects, 6(120KB) LOS objects, 49% free, 4484KB/8969KB, paused 1.337ms,15us total 147.756ms
2026-01-08 11:01:25.858  5194-5194  chromium                org.dev.jesen.advancewebview.debug   I  [INFO:CONSOLE(23)] "AdvanceGlobalTool Logï¼šè¯·æ±‚åŸç”Ÿè·å–è®¾å¤‡ä¿¡æ¯", source:  (23)
2026-01-08 11:01:25.859  5194-5207  System                  org.dev.jesen.advancewebview.debug   W  A resource failed to call close. 
2026-01-08 11:01:26.129  5194-5194  AWV_AdvanceJsBridge     org.dev.jesen.advancewebview.debug   D  ğŸš‹====åŸç”Ÿè°ƒç”¨ JS ç»“æœï¼šnull
2026-01-08 11:01:26.577  5194-5213  EGL_emulation           org.dev.jesen.advancewebview.debug   D  app_time_stats: avg=31.25ms min=7.95ms max=220.69ms count=29
2026-01-08 11:01:27.583  5194-5213  EGL_emulation           org.dev.jesen.advancewebview.debug   D  app_time_stats: avg=13.62ms min=7.42ms max=25.12ms count=49
2026-01-08 11:01:28.592  5194-5213  EGL_emulation           org.dev.jesen.advancewebview.debug   D  app_time_stats: avg=15.59ms min=9.23ms max=26.39ms count=46
2026-01-08 11:01:29.595  5194-5213  EGL_emulation           org.dev.jesen.advancewebview.debug   D  app_time_stats: avg=14.22ms min=8.73ms max=28.36ms count=46
2026-01-08 11:01:30.618  5194-5213  EGL_emulation           org.dev.jesen.advancewebview.debug   D  app_time_stats: avg=15.28ms min=9.36ms max=32.03ms count=47
2026-01-08 11:01:31.623  5194-5213  EGL_emulation           org.dev.jesen.advancewebview.debug   D  app_time_stats: avg=14.22ms min=8.17ms max=22.79ms count=48
2026-01-08 11:01:32.630  5194-5213  EGL_emulation           org.dev.jesen.advancewebview.debug   D  app_time_stats: avg=14.90ms min=7.02ms max=24.86ms count=46
2026-01-08 11:01:33.648  5194-5213  EGL_emulation           org.dev.jesen.advancewebview.debug   D  app_time_stats: avg=14.24ms min=9.13ms max=28.34ms count=48
2026-01-08 11:01:34.663  5194-5213  EGL_emulation           org.dev.jesen.advancewebview.debug   D  app_time_stats: avg=15.88ms min=8.73ms max=30.06ms count=44
2026-01-08 11:01:35.679  5194-5213  EGL_emulation           org.dev.jesen.advancewebview.debug   D  app_time_stats: avg=14.69ms min=6.49ms max=26.31ms count=49
2026-01-08 11:01:36.716  5194-5213  EGL_emulation           org.dev.jesen.advancewebview.debug   D  app_time_stats: avg=13.98ms min=8.35ms max=23.59ms count=50
